// Jest Snapshot v1, https://goo.gl/fbAQLP

exports[`<NotFoundPage /> should render and match the snapshot 1`] = `
<div
  class="fade alert alert-danger show"
  role="alert"
>
  <span>
    This is the NotFoundPage container!
  </span>
</div>
`;
