// Jest Snapshot v1, https://goo.gl/fbAQLP

exports[`<App /> should render and match the snapshot 1`] = `
<div>
  <ForwardRef
    fluid={false}
  >
    <Menu />
    <Switch>
      <Route
        component={[Function]}
        exact={true}
        path="/"
      />
      <Route
        component={[Function]}
        exact={true}
        path="/login"
      />
      <Route
        component={[Function]}
      />
    </Switch>
    <Footer />
  </ForwardRef>
</div>
`;
