// Jest Snapshot v1, https://goo.gl/fbAQLP

exports[`<HomePage /> should render and match the snapshot 1`] = `
<div
  class="mt-3 container"
>
  <div
    class="mt-2 card"
  >
    <div
      class="card-header"
    >
      <h2>
        Pok√©mon Cards
      </h2>
    </div>
    <div
      class="card-body"
    >
      <form
        class="mb-3"
      >
        <div
          class="input-group"
        >
          <input
            class="form-control"
            spellcheck="false"
            value=""
          />
          <div
            class="input-group-append"
          >
            <button
              class="btn btn-primary"
              type="button"
            >
              Search
            </button>
          </div>
        </div>
      </form>
    </div>
  </div>
</div>
`;
